[2026-05-06 19:03:07] [FAILED] To: librarian@toollibrary.com | Subject: 📋 New Reservation Needs Approval
[2026-05-06 19:06:07] [FAILED] To: librarian@toollibrary.com | Subject: 📋 New Reservation Needs Approval
[2026-05-06 19:29:28] [FAILED] To: librarian@toollibrary.com | Subject: 📋 New Reservation Needs Approval
[2026-05-06 19:31:09] [FAILED] To: librarian@toollibrary.com | Subject: 📋 New Reservation Needs Approval
[2026-05-06 21:37:49] [FAILED] To: agono0661@gmail.com | Subject: 📬 New Reservation Request for "cutting grass machine"
[2026-05-06 21:37:51] [FAILED] To: librarian@toollibrary.com | Subject: 📋 New Reservation Needs Approval
[2026-05-06 21:53:19] [FAILED] To: agono0661@gmail.com | Subject: ⚠️ Damage Reported on Your Tool
[2026-05-06 21:53:21] [FAILED] To: librarian@toollibrary.com | Subject: ⚠️ Damage Report Filed — Severity: low
[2026-05-06 21:53:23] [FAILED] To: maintenance@toollibrary.com | Subject: 🔧 New Damage Report — Action Required
[2026-05-06 21:53:25] [FAILED] To: agono0661@gmail.com | Subject: ⚠️ Damage Reported on Your Tool
[2026-05-06 21:53:27] [FAILED] To: librarian@toollibrary.com | Subject: ⚠️ Damage Report Filed — Severity: low
[2026-05-06 21:53:29] [FAILED] To: maintenance@toollibrary.com | Subject: 🔧 New Damage Report — Action Required
[2026-05-06 21:53:31] [FAILED] To: agono0661@gmail.com | Subject: ⚠️ Damage Reported on Your Tool
[2026-05-06 21:53:33] [FAILED] To: librarian@toollibrary.com | Subject: ⚠️ Damage Report Filed — Severity: low
[2026-05-06 21:53:35] [FAILED] To: maintenance@toollibrary.com | Subject: 🔧 New Damage Report — Action Required
[2026-05-06 21:53:37] [FAILED] To: agono0661@gmail.com | Subject: ⚠️ Damage Reported on Your Tool
[2026-05-06 21:53:39] [FAILED] To: librarian@toollibrary.com | Subject: ⚠️ Damage Report Filed — Severity: low
[2026-05-06 21:53:41] [FAILED] To: maintenance@toollibrary.com | Subject: 🔧 New Damage Report — Action Required
[2026-05-06 21:53:43] [FAILED] To: agono0661@gmail.com | Subject: ⚠️ Damage Reported on Your Tool
[2026-05-06 21:53:45] [FAILED] To: librarian@toollibrary.com | Subject: ⚠️ Damage Report Filed — Severity: low
[2026-05-06 21:53:47] [FAILED] To: maintenance@toollibrary.com | Subject: 🔧 New Damage Report — Action Required
[2026-05-06 21:53:49] [FAILED] To: agono0661@gmail.com | Subject: ⚠️ Damage Reported on Your Tool
[2026-05-06 21:53:51] [FAILED] To: librarian@toollibrary.com | Subject: ⚠️ Damage Report Filed — Severity: low
[2026-05-06 21:53:53] [FAILED] To: maintenance@toollibrary.com | Subject: 🔧 New Damage Report — Action Required
[2026-05-06 21:53:55] [FAILED] To: agono0661@gmail.com | Subject: ⚠️ Damage Reported on Your Tool
[2026-05-06 21:53:57] [FAILED] To: librarian@toollibrary.com | Subject: ⚠️ Damage Report Filed — Severity: low
[2026-05-06 21:53:59] [FAILED] To: maintenance@toollibrary.com | Subject: 🔧 New Damage Report — Action Required
[2026-05-06 21:54:01] [FAILED] To: agono0661@gmail.com | Subject: ⚠️ Damage Reported on Your Tool
[2026-05-06 21:54:03] [FAILED] To: librarian@toollibrary.com | Subject: ⚠️ Damage Report Filed — Severity: low
[2026-05-06 21:54:05] [FAILED] To: maintenance@toollibrary.com | Subject: 🔧 New Damage Report — Action Required
[2026-05-06 21:54:07] [FAILED] To: agono0661@gmail.com | Subject: ⚠️ Damage Reported on Your Tool
[2026-05-06 21:54:09] [FAILED] To: librarian@toollibrary.com | Subject: ⚠️ Damage Report Filed — Severity: low
[2026-05-06 21:54:11] [FAILED] To: maintenance@toollibrary.com | Subject: 🔧 New Damage Report — Action Required
[2026-05-07 12:59:00] [FAILED] To: mohamed@gmail.com | Subject: 📬 New Reservation Request for "Drill"
[2026-05-07 12:59:02] [FAILED] To: librarian@toollibrary.com | Subject: 📋 New Reservation Needs Approval
[2026-05-07 13:00:21] [FAILED] To: mohamed@gmail.com | Subject: 📬 New Reservation Request for "Drill"
[2026-05-07 13:00:23] [FAILED] To: librarian@toollibrary.com | Subject: 📋 New Reservation Needs Approval
[2026-05-07 14:13:32] [FAILED] To: saif@gmail.com | Subject: 📬 New Reservation Request for "Drill"
[2026-05-07 14:13:34] [FAILED] To: librarian@toollibrary.com | Subject: 📋 New Reservation Needs Approval
[2026-05-07 14:17:42] [FAILED] To: mohamed@gmail.com | Subject: 📬 New Reservation Request for "Drill"
[2026-05-07 14:17:44] [FAILED] To: librarian@toollibrary.com | Subject: 📋 New Reservation Needs Approval
[2026-05-07 14:21:32] [FAILED] To: saif@gmail.com | Subject: 📬 New Reservation Request for "Drill"
[2026-05-07 14:21:34] [FAILED] To: librarian@toollibrary.com | Subject: 📋 New Reservation Needs Approval
[2026-05-07 14:22:44] [FAILED] To: saif@gmail.com | Subject: ⚠️ Damage Reported on Your Tool
[2026-05-07 14:22:46] [FAILED] To: librarian@toollibrary.com | Subject: ⚠️ Damage Report Filed — Severity: low
[2026-05-07 14:22:48] [FAILED] To: maintenance@toollibrary.com | Subject: 🔧 New Damage Report — Action Required
[2026-05-07 14:22:50] [FAILED] To: saif@gmail.com | Subject: ⚠️ Damage Reported on Your Tool
[2026-05-07 14:22:52] [FAILED] To: librarian@toollibrary.com | Subject: ⚠️ Damage Report Filed — Severity: low
[2026-05-07 14:22:54] [FAILED] To: maintenance@toollibrary.com | Subject: 🔧 New Damage Report — Action Required
[2026-05-07 14:51:23] [FAILED] To: saif@gmail.com | Subject: ⚠️ Damage Reported on Your Tool
[2026-05-07 14:51:25] [FAILED] To: librarian@toollibrary.com | Subject: ⚠️ Damage Report Filed — Severity: low
[2026-05-07 14:51:27] [FAILED] To: maintenance@toollibrary.com | Subject: 🔧 New Damage Report — Action Required
[2026-05-07 14:51:29] [FAILED] To: saif@gmail.com | Subject: ⚠️ Damage Reported on Your Tool
[2026-05-07 14:51:31] [FAILED] To: librarian@toollibrary.com | Subject: ⚠️ Damage Report Filed — Severity: low
[2026-05-07 14:51:33] [FAILED] To: maintenance@toollibrary.com | Subject: 🔧 New Damage Report — Action Required
[2026-05-07 14:52:09] [FAILED] To: saif@gmail.com | Subject: ⚠️ Damage Reported on Your Tool
[2026-05-07 14:52:11] [FAILED] To: librarian@toollibrary.com | Subject: ⚠️ Damage Report Filed — Severity: low
[2026-05-07 14:52:13] [FAILED] To: maintenance@toollibrary.com | Subject: 🔧 New Damage Report — Action Required
[2026-05-07 14:55:07] [FAILED] To: saif@gmail.com | Subject: ⚠️ Damage Reported on Your Tool
[2026-05-07 14:55:09] [FAILED] To: librarian@toollibrary.com | Subject: ⚠️ Damage Report Filed — Severity: high
[2026-05-07 14:55:11] [FAILED] To: maintenance@toollibrary.com | Subject: 🔧 New Damage Report — Action Required
[2026-05-07 14:55:13] [FAILED] To: saif@gmail.com | Subject: ⚠️ Damage Reported on Your Tool
[2026-05-07 14:55:15] [FAILED] To: librarian@toollibrary.com | Subject: ⚠️ Damage Report Filed — Severity: high
[2026-05-07 14:55:17] [FAILED] To: maintenance@toollibrary.com | Subject: 🔧 New Damage Report — Action Required
[2026-05-07 15:55:54] [FAILED] To: maintenance@toollibrary.com | Subject: ✅ Maintenance Record #1 Completed
[2026-05-07 15:55:56] [FAILED] To: maintenance@toollibrary.com | Subject: ✅ Maintenance Record #1 Completed
[2026-05-07 15:56:07] [FAILED] To: maintenance@toollibrary.com | Subject: ✅ Maintenance Record #1 Completed
[2026-05-07 15:56:30] [FAILED] To: maintenance@toollibrary.com | Subject: ✅ Maintenance Record #1 Completed
[2026-05-07 15:58:10] [FAILED] To: maintenance@toollibrary.com | Subject: ✅ Maintenance Record #1 Completed
[2026-05-07 16:04:07] [FAILED] To: saif@gmail.com | Subject: ⚠️ Damage Reported on Your Tool
[2026-05-07 16:04:09] [FAILED] To: librarian@toollibrary.com | Subject: ⚠️ Damage Report Filed — Severity: high
[2026-05-07 16:04:11] [FAILED] To: maintenance@toollibrary.com | Subject: 🔧 New Damage Report — Action Required
[2026-05-07 16:07:07] [FAILED] To: maintenance@toollibrary.com | Subject: ✅ Maintenance Record #1 Completed
[2026-05-07 16:07:09] [FAILED] To: maintenance@toollibrary.com | Subject: ✅ Maintenance Record #1 Completed
[2026-05-07 16:07:11] [FAILED] To: maintenance@toollibrary.com | Subject: ✅ Maintenance Record #1 Completed
[2026-05-07 16:07:13] [FAILED] To: maintenance@toollibrary.com | Subject: ✅ Maintenance Record #1 Completed
[2026-05-07 16:07:15] [FAILED] To: maintenance@toollibrary.com | Subject: ✅ Maintenance Record #1 Completed
[2026-05-07 16:07:17] [FAILED] To: maintenance@toollibrary.com | Subject: ✅ Maintenance Record #1 Completed
[2026-05-07 16:07:19] [FAILED] To: maintenance@toollibrary.com | Subject: ✅ Maintenance Record #1 Completed
[2026-05-07 16:08:01] [FAILED] To: maintenance@toollibrary.com | Subject: ✅ Maintenance Record #2 Completed
[2026-05-07 21:07:46] [FAILED] To: mohamed@gmail.com | Subject: 📬 New Reservation Request for "Screwdrivers"
[2026-05-07 21:07:48] [FAILED] To: librarian@toollibrary.com | Subject: 📋 New Reservation Needs Approval
[2026-05-07 21:08:37] [FAILED] To: mohamed@gmail.com | Subject: 📬 New Reservation Request for "Screwdrivers"
[2026-05-07 21:08:40] [FAILED] To: librarian@toollibrary.com | Subject: 📋 New Reservation Needs Approval
[2026-05-07 21:22:00] [FAILED] To: saif@gmail.com | Subject: 📬 New Reservation Request for "Vacuum cleaner"
[2026-05-07 21:22:02] [FAILED] To: librarian@toollibrary.com | Subject: 📋 New Reservation Needs Approval
[2026-05-07 21:36:58] [FAILED] To: saif@gmail.com | Subject: ⚠️ Damage Reported on Your Tool
[2026-05-07 21:37:00] [FAILED] To: librarian@toollibrary.com | Subject: ⚠️ Damage Report Filed — Severity: high
[2026-05-07 21:37:02] [FAILED] To: maintenance@toollibrary.com | Subject: 🔧 New Damage Report — Action Required
[2026-05-07 21:45:06] [FAILED] To: maintenance@toollibrary.com | Subject: ✅ Maintenance Record #3 Completed
[2026-05-07 21:45:20] [FAILED] To: maintenance@toollibrary.com | Subject: ✅ Maintenance Record #3 Completed
